
****** xsim v2025.2 (64-bit)
  **** SW Build 6299465 on Fri Nov 14 12:34:56 MST 2025
  **** IP Build 6300035 on Fri Nov 14 10:48:45 MST 2025
  **** SharedData Build 6298862 on Thu Nov 13 04:50:51 MST 2025
  **** Start of session at: Fri Oct  9 00:28:43 2026
    ** Copyright 1986-2022 Xilinx, Inc. All Rights Reserved.
    ** Copyright 2022-2025 Advanced Micro Devices, Inc. All Rights Reserved.

source xsim.dir/tb_fir3_seq_sim/xsim_script.tcl
# xsim {tb_fir3_seq_sim} -autoloadwcfg -tclbatch {scripts/vivado/run_fir3_seq_xsim.tcl}
Time resolution is 1 ps
source scripts/vivado/run_fir3_seq_xsim.tcl
## if {[catch {log_wave -recursive *} msg]} {
##     puts "WARN: log_wave failed: $msg"
## }
## run all
[PASS] reset asserted t=3000 d0=0 d1=0 d2=0 y=0 valid=0
[PASS] reset release does not capture input at t=23000
[PASS] post-reset hold t=26000 d0=0 d1=0 d2=0 y=0 valid=0
[PASS] accept x=1 t=36000 d0=1 d1=0 d2=0 y=1 valid=1
[PASS] accept x=2 t=46000 d0=2 d1=1 d2=0 y=4 valid=1
[PASS] ignore invalid x=99 t=56000 d0=2 d1=1 d2=0 y=4 valid=0
[PASS] accept x=3 t=66000 d0=3 d1=2 d2=1 y=8 valid=1
[PASS] accept x=4 t=76000 d0=4 d1=3 d2=2 y=12 valid=1
[PASS] accept x=5 t=86000 d0=5 d1=4 d2=3 y=16 valid=1
[PASS] final hold t=96000 d0=5 d1=4 d2=3 y=16 valid=0
[RESULT] FIR3_SEQ TEST PASSED
$finish called at time : 100 ns : File "/home/kaiden/EDA/w4/tb/tb_fir3_seq.v" Line 130
## quit
INFO: xsimkernel Simulation Memory Usage: 495984 KB (Peak: 549156 KB), Simulation CPU Usage: 820 ms
INFO: [Common 17-206] Exiting xsim at Fri Oct  9 00:28:46 2026...
