#-----------------------------------------------------------
# xsim v2025.2 (64-bit)
# SW Build 6299465 on Fri Nov 14 12:34:56 MST 2025
# IP Build 6300035 on Fri Nov 14 10:48:45 MST 2025
# SharedData Build 6298862 on Thu Nov 13 04:50:51 MST 2025
# Start of session at: Thu Sep 24 16:45:31 2026
# Process ID         : 2820365
# Current directory  : /home/kaiden/EDA/w3/build/vivado/xsim_fir3_trace
# Command line       : xsim -mode tcl -source {xsim.dir/tb_fir3_trace_sim/xsim_script.tcl}
# Log file           : /home/kaiden/EDA/w3/build/vivado/xsim_fir3_trace/xsim.log
# Journal file       : /home/kaiden/EDA/w3/build/vivado/xsim_fir3_trace/xsim.jou
# Running On         : scd-lab-server63
# Platform           : RockyLinux
# Operating System   : Rocky Linux 9.7 (Blue Onyx)
# Processor Detail   : INTEL(R) XEON(R) GOLD 6526Y
# CPU Frequency      : 800.000 MHz
# CPU Physical cores : 32
# CPU Logical cores  : 64
# Host memory        : 134361 MB
# Swap memory        : 68719 MB
# Total Virtual      : 203081 MB
# Available Virtual  : 190816 MB
#-----------------------------------------------------------
source xsim.dir/tb_fir3_trace_sim/xsim_script.tcl
# xsim {tb_fir3_trace_sim} -autoloadwcfg -runall
Time resolution is 1 ps
run -all
============================================================
Week 3 FIR hand-trace simulation started
Reset history begins at state [0,0,0]
============================================================
[PASS] reset state [d0,d1,d2]=[0,0,0]
[PASS] reset release does not capture a sample
[TRACE] n=0 x=1 state[d0,d1,d2]=[1,0,0] p=[1,0,0] y=1
[PASS] n=0 expected y=1
[TRACE] n=1 x=2 state[d0,d1,d2]=[2,1,0] p=[2,2,0] y=4
[PASS] n=1 expected y=4
[TRACE] n=2 x=3 state[d0,d1,d2]=[3,2,1] p=[3,4,1] y=8
[PASS] n=2 expected y=8
[TRACE] n=3 x=0 state[d0,d1,d2]=[0,3,2] p=[0,6,2] y=8
[PASS] n=3 expected y=8
[TRACE] n=4 x=0 state[d0,d1,d2]=[0,0,3] p=[0,0,3] y=3
[PASS] n=4 expected y=3
============================================================
Expected output sequence: 1, 4, 8, 8, 3
[RESULT] FIR3 TRACE TEST PASSED
============================================================
$finish called at time : 76 ns : File "/home/kaiden/EDA/w3/tb/tb_fir3_trace.v" Line 144
exit
INFO: xsimkernel Simulation Memory Usage: 495712 KB (Peak: 549144 KB), Simulation CPU Usage: 840 ms
INFO: [Common 17-206] Exiting xsim at Thu Sep 24 16:45:33 2026...
