
****** xsim v2025.2 (64-bit)
  **** SW Build 6299465 on Fri Nov 14 12:34:56 MST 2025
  **** IP Build 6300035 on Fri Nov 14 10:48:45 MST 2025
  **** SharedData Build 6298862 on Thu Nov 13 04:50:51 MST 2025
  **** Start of session at: Thu Oct  8 15:25:06 2026
    ** Copyright 1986-2022 Xilinx, Inc. All Rights Reserved.
    ** Copyright 2022-2025 Advanced Micro Devices, Inc. All Rights Reserved.

source xsim.dir/tb_fir3_parallel_sim/xsim_script.tcl
# xsim {tb_fir3_parallel_sim} -autoloadwcfg -runall
Time resolution is 1 ps
run -all
[PASS] reset asserted d0=0 d1=0 d2=0 y=0 valid=0
[PASS] reset release no capture d0=0 d1=0 d2=0 y=0 valid=0
[PASS] accept x=1 d0=1 d1=0 d2=0 y=1 valid=1
[PASS] accept x=2 d0=2 d1=1 d2=0 y=4 valid=1
[PASS] hold invalid x=99 d0=2 d1=1 d2=0 y=4 valid=0
[PASS] accept x=3 d0=3 d1=2 d2=1 y=8 valid=1
[PASS] accept x=4 d0=4 d1=3 d2=2 y=12 valid=1
[PASS] accept x=5 d0=5 d1=4 d2=3 y=16 valid=1
[PASS] post-sequence hold d0=5 d1=4 d2=3 y=16 valid=0
[RESULT] FIR3_PARALLEL TEST PASSED
$finish called at time : 90 ns : File "/home/kaiden/EDA/w5/tb/tb_fir3_parallel.v" Line 128
exit
INFO: xsimkernel Simulation Memory Usage: 495984 KB (Peak: 549156 KB), Simulation CPU Usage: 840 ms
INFO: [Common 17-206] Exiting xsim at Thu Oct  8 15:25:08 2026...
