
****** xsim v2025.2 (64-bit)
  **** SW Build 6299465 on Fri Nov 14 12:34:56 MST 2025
  **** IP Build 6300035 on Fri Nov 14 10:48:45 MST 2025
  **** SharedData Build 6298862 on Thu Nov 13 04:50:51 MST 2025
  **** Start of session at: Thu Oct  8 15:25:11 2026
    ** Copyright 1986-2022 Xilinx, Inc. All Rights Reserved.
    ** Copyright 2022-2025 Advanced Micro Devices, Inc. All Rights Reserved.

source xsim.dir/tb_fir3_parallel_signed_sim/xsim_script.tcl
# xsim {tb_fir3_parallel_signed_sim} -autoloadwcfg -runall
Time resolution is 1 ps
run -all
[PASS] signed parallel sample=-128 y=-128
[PASS] signed parallel sample=-128 y=-384
[PASS] signed parallel sample=-128 y=-512
[PASS] signed parallel invalid hold preserves -512 and deasserts valid
[RESULT] FIR3_PARALLEL SIGNED TEST PASSED
$finish called at time : 60 ns : File "/home/kaiden/EDA/w5/tb/tb_fir3_parallel_signed.v" Line 75
exit
INFO: xsimkernel Simulation Memory Usage: 495968 KB (Peak: 549140 KB), Simulation CPU Usage: 830 ms
INFO: [Common 17-206] Exiting xsim at Thu Oct  8 15:25:13 2026...
